C:\Users\Ayanda Zama\OneDrive\Documents\School Projects\academix\academix-backend\src\main\java\com\academix\academix_backend\AcademixBackendApplication.java
C:\Users\Ayanda Zama\OneDrive\Documents\School Projects\academix\academix-backend\src\main\java\com\academix\academix_backend\config\CorsConfig.java
C:\Users\Ayanda Zama\OneDrive\Documents\School Projects\academix\academix-backend\src\main\java\com\academix\academix_backend\config\MailConfig.java
C:\Users\Ayanda Zama\OneDrive\Documents\School Projects\academix\academix-backend\src\main\java\com\academix\academix_backend\controller\AssessmentController.java
C:\Users\Ayanda Zama\OneDrive\Documents\School Projects\academix\academix-backend\src\main\java\com\academix\academix_backend\controller\AuthController.java
C:\Users\Ayanda Zama\OneDrive\Documents\School Projects\academix\academix-backend\src\main\java\com\academix\academix_backend\controller\CourseController.java
C:\Users\Ayanda Zama\OneDrive\Documents\School Projects\academix\academix-backend\src\main\java\com\academix\academix_backend\controller\EnrollmentController.java
C:\Users\Ayanda Zama\OneDrive\Documents\School Projects\academix\academix-backend\src\main\java\com\academix\academix_backend\controller\GradeController.java
C:\Users\Ayanda Zama\OneDrive\Documents\School Projects\academix\academix-backend\src\main\java\com\academix\academix_backend\controller\LessonController.java
C:\Users\Ayanda Zama\OneDrive\Documents\School Projects\academix\academix-backend\src\main\java\com\academix\academix_backend\controller\NotificationController.java
C:\Users\Ayanda Zama\OneDrive\Documents\School Projects\academix\academix-backend\src\main\java\com\academix\academix_backend\controller\ProgressController.java
C:\Users\Ayanda Zama\OneDrive\Documents\School Projects\academix\academix-backend\src\main\java\com\academix\academix_backend\controller\SubmissionController.java
C:\Users\Ayanda Zama\OneDrive\Documents\School Projects\academix\academix-backend\src\main\java\com\academix\academix_backend\controller\UserController.java
C:\Users\Ayanda Zama\OneDrive\Documents\School Projects\academix\academix-backend\src\main\java\com\academix\academix_backend\dto\AssignmentRequest.java
C:\Users\Ayanda Zama\OneDrive\Documents\School Projects\academix\academix-backend\src\main\java\com\academix\academix_backend\dto\AuthResponse.java
C:\Users\Ayanda Zama\OneDrive\Documents\School Projects\academix\academix-backend\src\main\java\com\academix\academix_backend\dto\GradeRequest.java
C:\Users\Ayanda Zama\OneDrive\Documents\School Projects\academix\academix-backend\src\main\java\com\academix\academix_backend\dto\GradeResponse.java
C:\Users\Ayanda Zama\OneDrive\Documents\School Projects\academix\academix-backend\src\main\java\com\academix\academix_backend\dto\LoginRequest.java
C:\Users\Ayanda Zama\OneDrive\Documents\School Projects\academix\academix-backend\src\main\java\com\academix\academix_backend\dto\NotificationResponse.java
C:\Users\Ayanda Zama\OneDrive\Documents\School Projects\academix\academix-backend\src\main\java\com\academix\academix_backend\dto\QuizRequest.java
C:\Users\Ayanda Zama\OneDrive\Documents\School Projects\academix\academix-backend\src\main\java\com\academix\academix_backend\dto\QuizResultResponse.java
C:\Users\Ayanda Zama\OneDrive\Documents\School Projects\academix\academix-backend\src\main\java\com\academix\academix_backend\dto\RegisterRequest.java
C:\Users\Ayanda Zama\OneDrive\Documents\School Projects\academix\academix-backend\src\main\java\com\academix\academix_backend\dto\SubmissionRequest.java
C:\Users\Ayanda Zama\OneDrive\Documents\School Projects\academix\academix-backend\src\main\java\com\academix\academix_backend\model\Assignment.java
C:\Users\Ayanda Zama\OneDrive\Documents\School Projects\academix\academix-backend\src\main\java\com\academix\academix_backend\model\Course.java
C:\Users\Ayanda Zama\OneDrive\Documents\School Projects\academix\academix-backend\src\main\java\com\academix\academix_backend\model\CourseStatus.java
C:\Users\Ayanda Zama\OneDrive\Documents\School Projects\academix\academix-backend\src\main\java\com\academix\academix_backend\model\Enrollment.java
C:\Users\Ayanda Zama\OneDrive\Documents\School Projects\academix\academix-backend\src\main\java\com\academix\academix_backend\model\EnrollmentStatus.java
C:\Users\Ayanda Zama\OneDrive\Documents\School Projects\academix\academix-backend\src\main\java\com\academix\academix_backend\model\Grade.java
C:\Users\Ayanda Zama\OneDrive\Documents\School Projects\academix\academix-backend\src\main\java\com\academix\academix_backend\model\Lesson.java
C:\Users\Ayanda Zama\OneDrive\Documents\School Projects\academix\academix-backend\src\main\java\com\academix\academix_backend\model\Notification.java
C:\Users\Ayanda Zama\OneDrive\Documents\School Projects\academix\academix-backend\src\main\java\com\academix\academix_backend\model\Progress.java
C:\Users\Ayanda Zama\OneDrive\Documents\School Projects\academix\academix-backend\src\main\java\com\academix\academix_backend\model\Quiz.java
C:\Users\Ayanda Zama\OneDrive\Documents\School Projects\academix\academix-backend\src\main\java\com\academix\academix_backend\model\Submission.java
C:\Users\Ayanda Zama\OneDrive\Documents\School Projects\academix\academix-backend\src\main\java\com\academix\academix_backend\model\User.java
C:\Users\Ayanda Zama\OneDrive\Documents\School Projects\academix\academix-backend\src\main\java\com\academix\academix_backend\repository\AssignmentRepository.java
C:\Users\Ayanda Zama\OneDrive\Documents\School Projects\academix\academix-backend\src\main\java\com\academix\academix_backend\repository\CourseRepository.java
C:\Users\Ayanda Zama\OneDrive\Documents\School Projects\academix\academix-backend\src\main\java\com\academix\academix_backend\repository\EnrollmentRepository.java
C:\Users\Ayanda Zama\OneDrive\Documents\School Projects\academix\academix-backend\src\main\java\com\academix\academix_backend\repository\GradeRepository.java
C:\Users\Ayanda Zama\OneDrive\Documents\School Projects\academix\academix-backend\src\main\java\com\academix\academix_backend\repository\LessonRepository.java
C:\Users\Ayanda Zama\OneDrive\Documents\School Projects\academix\academix-backend\src\main\java\com\academix\academix_backend\repository\NotificationRepository.java
C:\Users\Ayanda Zama\OneDrive\Documents\School Projects\academix\academix-backend\src\main\java\com\academix\academix_backend\repository\ProgressRepository.java
C:\Users\Ayanda Zama\OneDrive\Documents\School Projects\academix\academix-backend\src\main\java\com\academix\academix_backend\repository\QuizRepository.java
C:\Users\Ayanda Zama\OneDrive\Documents\School Projects\academix\academix-backend\src\main\java\com\academix\academix_backend\repository\SubmissionRepository.java
C:\Users\Ayanda Zama\OneDrive\Documents\School Projects\academix\academix-backend\src\main\java\com\academix\academix_backend\repository\UserRepository.java
C:\Users\Ayanda Zama\OneDrive\Documents\School Projects\academix\academix-backend\src\main\java\com\academix\academix_backend\security\JwtFilter.java
C:\Users\Ayanda Zama\OneDrive\Documents\School Projects\academix\academix-backend\src\main\java\com\academix\academix_backend\security\JwtUtil.java
C:\Users\Ayanda Zama\OneDrive\Documents\School Projects\academix\academix-backend\src\main\java\com\academix\academix_backend\security\SecurityConfig.java
C:\Users\Ayanda Zama\OneDrive\Documents\School Projects\academix\academix-backend\src\main\java\com\academix\academix_backend\service\AssessmentService.java
C:\Users\Ayanda Zama\OneDrive\Documents\School Projects\academix\academix-backend\src\main\java\com\academix\academix_backend\service\AuthService.java
C:\Users\Ayanda Zama\OneDrive\Documents\School Projects\academix\academix-backend\src\main\java\com\academix\academix_backend\service\CourseService.java
C:\Users\Ayanda Zama\OneDrive\Documents\School Projects\academix\academix-backend\src\main\java\com\academix\academix_backend\service\EnrollmentService.java
C:\Users\Ayanda Zama\OneDrive\Documents\School Projects\academix\academix-backend\src\main\java\com\academix\academix_backend\service\GradeService.java
C:\Users\Ayanda Zama\OneDrive\Documents\School Projects\academix\academix-backend\src\main\java\com\academix\academix_backend\service\LessonService.java
C:\Users\Ayanda Zama\OneDrive\Documents\School Projects\academix\academix-backend\src\main\java\com\academix\academix_backend\service\NotificationService.java
C:\Users\Ayanda Zama\OneDrive\Documents\School Projects\academix\academix-backend\src\main\java\com\academix\academix_backend\service\ProgressService.java
C:\Users\Ayanda Zama\OneDrive\Documents\School Projects\academix\academix-backend\src\main\java\com\academix\academix_backend\service\SubmissionService.java
C:\Users\Ayanda Zama\OneDrive\Documents\School Projects\academix\academix-backend\src\main\java\com\academix\academix_backend\service\UserService.java
